<?xml version="1.0" encoding="utf-8"?>
<root>
<plant id="101">
      <common>Bloodroot</common>
      <botanical>Sanguinaria canadensis</botanical>
      <zone>4</zone>
      <light>Mostly Shady</light>
      <price>2.44</price>
      <availability>031599</availability>
    </plant>
    <plant id="102">
      <common>Columbine</common>
      <botanical>Aquilegia canadensis</botanical>
      <zone>3</zone>
      <light>Mostly Shady</light>
      <price>9.37</price>
      <availability>030699</availability>
    </plant>
<plant id="201">
      <common>Cowslip</common>
      <botanical>Caltha palustris</botanical>
      <zone>4</zone>
      <light>Mostly Shady</light>
      <price>9.90</price>
      <availability>030699</availability>
    </plant>
  </root>  