<?xml version="1.0" encoding="utf-8"?>
<root>
<plant id="202">
      <common>Dutchman's-Breeches</common>
      <botanical>Dicentra cucullaria</botanical>
      <zone>3</zone>
      <light>Mostly Shady</light>
      <price>6.44</price>
      <availability>012099</availability>
    </plant>
    </root>